---
source: src/core/cli/tui/tests/snapshot.rs
expression: render_snapshot(buf)
---
| 👋 gpt-5-mini  effort medium  ctx 0K/128K fallback    ◉ [working]                        |
|╭ subagents ─────────────────────────────────────────────────────────────────────────────╮|
|│ ▶ • kv-review  4 tools · 4 req · 50% ctx · 75% cached  Running · Read mod_3.rs         │|
|│   • perf-scan  3 tools · 3 req · 16% ctx · 0% cached  Running · Read mod_2.rs          │|
|│   • lint-fix  1 tool · 1 req · 4% ctx  Running · Read mod_0.rs                         │|
|│   • docs-writer  Queued (1)                                                            │|
|│   • collector  Waiting (phase 2)                                                       │|
|│                                                                                        │|
|│                                                                                        │|
|│                                                                                        │|
|╰────────────────────────────────────────────────────────────────────────────────────────╯|
|                                                                                          |
|──────────────────────────────────────────────────────────────────────────────────────────|
|selecting…                                                                                |
|                                                                                          |
|📂 /snapshot/repo                 ↑/↓ select   Enter view   m message   x stop   Esc close|

 0 0..2 fg=Yellow
 0 3..14 mod=BOLD
 0 14..29 fg=#E5C07B
 0 55..57 fg=#56B6C2
 0 57..66 fg=#56B6C2 mod=BOLD
 1 0..90 fg=#56B6C2
 2 0..1 fg=#56B6C2
 2 2..88 fg=Cyan mod=BOLD
 2 89..90 fg=#56B6C2
 3 0..1 fg=#56B6C2
 3 4..6 fg=#98C379 mod=BOLD
 3 6..15 fg=#56B6C2 mod=BOLD
 3 17..45 fg=#808080
 3 45..54 fg=#E5C07B
 3 56..63 fg=#56B6C2 mod=BOLD
 3 63..79 fg=#808080
 3 89..90 fg=#56B6C2
 4 0..1 fg=#56B6C2
 4 4..6 fg=#98C379 mod=BOLD
 4 6..14 fg=#56B6C2 mod=BOLD
 4 16..39 fg=#808080
 4 41..48 fg=#56B6C2 mod=BOLD
 4 48..64 fg=#808080
 4 89..90 fg=#56B6C2
 5 0..1 fg=#56B6C2
 5 4..6 fg=#808080
 5 6..17 fg=#56B6C2 mod=BOLD
 5 19..29 fg=#808080
 5 89..90 fg=#56B6C2
 6 0..1 fg=#56B6C2
 6 4..6 fg=#808080
 6 6..15 fg=#56B6C2 mod=BOLD
 6 17..34 fg=#808080
 6 89..90 fg=#56B6C2
 7 0..1 fg=#56B6C2
 7 89..90 fg=#56B6C2
 8 0..1 fg=#56B6C2
 8 89..90 fg=#56B6C2
 9 0..1 fg=#56B6C2
 9 89..90 fg=#56B6C2
10 0..90 fg=#56B6C2
13 0..10 mod=DIM | ITALIC
15 0..1 fg=#808080
15 2..17 fg=#808080
15 33..90 mod=DIM
