---
source: src/core/cli/tui/tests/snapshot.rs
expression: render_snapshot(buf)
---
|╭ Models ──────────────────────────────────────────────────────────────────────╮|
|│   All models               5│All available models                            │|
|│   tokamak                  1│⌕ █                                             │|
|│   anthropic                2│  tokamak / tokamak-1-preview                   │|
|│   openai                   2│  anthropic / claude-haiku-4-5                  │|
|│                             │  anthropic / claude-sonnet-4-5                 │|
|│                             │▶ openai / gpt-5-mini                           │|
|│                             │  openai / gpt-5.1                              │|
|│                             │                                                │|
|│                             │                                                │|
|│                             │                                                │|
|│                             │openai/gpt-5-mini · current                     │|
|│ Enter choose · Left/Right panes · Up/Down move · type to search · Ctrl-R re… │|
|╰──────────────────────────────────────────────────────────────────────────────╯|

 0 0..1 fg=#56B6C2
 0 1..9 fg=Black bg=#56B6C2 mod=BOLD
 0 9..80 fg=#56B6C2
 1 0..1 fg=#56B6C2
 1 4..30 mod=REVERSED
 1 30..31 fg=#808080
 1 31..51 mod=BOLD
 1 79..80 fg=#56B6C2
 2 0..1 fg=#56B6C2
 2 30..34 fg=#808080
 2 79..80 fg=#56B6C2
 3 0..1 fg=#56B6C2
 3 30..31 fg=#808080
 3 79..80 fg=#56B6C2
 4 0..1 fg=#56B6C2
 4 30..31 fg=#808080
 4 79..80 fg=#56B6C2
 5 0..1 fg=#56B6C2
 5 30..31 fg=#808080
 5 79..80 fg=#56B6C2
 6 0..1 fg=#56B6C2
 6 30..31 fg=#808080
 6 31..78 mod=BOLD | REVERSED
 6 79..80 fg=#56B6C2
 7 0..1 fg=#56B6C2
 7 30..31 fg=#808080
 7 79..80 fg=#56B6C2
 8 0..1 fg=#56B6C2
 8 30..31 fg=#808080
 8 79..80 fg=#56B6C2
 9 0..1 fg=#56B6C2
 9 30..31 fg=#808080
 9 79..80 fg=#56B6C2
10 0..1 fg=#56B6C2
10 30..31 fg=#808080
10 79..80 fg=#56B6C2
11 0..1 fg=#56B6C2
11 30..58 fg=#808080
11 79..80 fg=#56B6C2
12 0..1 fg=#56B6C2
12 2..78 fg=#808080
12 79..80 fg=#56B6C2
13 0..80 fg=#56B6C2
