---
source: src/core/cli/tui/tests/snapshot.rs
assertion_line: 163
expression: render_snapshot(buf)
---
| 👋 gpt-5-mini  effort medium  ctx 0K/128K fallback    [working]                |
|────────────────────────────────────────────────────────────────────────────────|
|                                                                                |
|                                                                                |
|                                                                                |
|                                                                                |
|                                                                                |
|                                                                                |
|                                                                                |
|                                                                                |
|┌ permission required ─────────────────────────────────────────────────────────┐|
|│bash wants execute                                                            │|
|│$ git status && cargo test --lib                                              │|
|│▶ Allow once                                                                  │|
|│  Allow all 'cargo', 'git' commands (this thread)                             │|
|│  Deny                                                                        │|
|└──────────────────────────────────────────────────────────────────────────────┘|
|• working… (Esc to cancel, type to steer the agent)                             |
|                                                                                |
|📂 /snapshot/repo          ↑/↓ select   Enter confirm   Esc deny   Ctrl-C cancel|

 0 0..2 fg=Yellow
 0 3..14 mod=BOLD
 0 14..29 fg=Yellow
 0 55..64 fg=Cyan mod=BOLD
10 0..1 fg=Yellow
10 1..22 fg=Black bg=Yellow mod=BOLD
10 22..80 fg=Yellow
11 0..1 fg=Yellow
11 1..5 fg=Cyan mod=BOLD
11 5..12 fg=DarkGray
11 12..19 fg=Yellow mod=BOLD
11 79..80 fg=Yellow
12 0..1 fg=Yellow
12 1..3 fg=DarkGray
12 79..80 fg=Yellow
13 0..1 fg=Yellow
13 1..79 fg=Cyan mod=BOLD
13 79..80 fg=Yellow
14 0..1 fg=Yellow
14 79..80 fg=Yellow
15 0..1 fg=Yellow
15 79..80 fg=Yellow
16 0..80 fg=Yellow
17 0..2 fg=Cyan
17 2..51 mod=DIM | ITALIC
19 0..1 fg=DarkGray
19 2..17 fg=DarkGray
19 27..30 fg=Yellow mod=BOLD
19 30..37 mod=DIM
19 40..45 fg=Yellow mod=BOLD
19 45..53 mod=DIM
19 56..59 fg=Yellow mod=BOLD
19 59..64 mod=DIM
19 67..73 fg=Yellow mod=BOLD
19 73..80 mod=DIM
